../Core/Src/main.c:49:5:__io_putchar	16	static
../Core/Src/main.c:57:17:ADC_Read	16	static
../Core/Src/main.c:71:7:get_mag_at_freq	48	static
../Core/Src/main.c:94:13:Beeper_On	16	static
../Core/Src/main.c:105:13:Beeper_Off	4	static
../Core/Src/main.c:115:5:main	184	static
../Core/Src/main.c:242:13:MX_TIM3_Init	64	static
../Core/Src/main.c:271:13:MX_ADC1_Init	32	static
../Core/Src/main.c:296:13:MX_USART2_UART_Init	8	static
../Core/Src/main.c:309:6:SystemClock_Config	88	static
../Core/Src/main.c:338:13:MX_GPIO_Init	48	static
../Core/Src/main.c:368:6:Error_Handler	4	static,ignoring_inline_asm
